2026-08-01 17:14:50,171 - aqt.helper - DEBUG - helper 61764 Attempt to download checksum at https://download.qt.io/online/qtsdkrepository/windows_x86/desktop/qt6_6100/qt6_6100/Updates.xml.sha256
2026-08-01 17:15:13,080 - aqt.helper - DEBUG - helper 66376 Attempt to download checksum at https://download.qt.io/online/qtsdkrepository/windows_x86/desktop/qt6_6103/qt6_6103/Updates.xml.sha256
2026-08-01 17:15:15,629 - aqt.helper - DEBUG - helper 66376 Attempt to download checksum at https://download.qt.io/online/qtsdkrepository/windows_x86/extensions/qtpdf/6103/msvc2022_64/Updates.xml.sha256
2026-08-01 17:15:18,026 - aqt.helper - DEBUG - helper 66376 Attempt to download checksum at https://download.qt.io/online/qtsdkrepository/windows_x86/extensions/qtwebengine/6103/msvc2022_64/Updates.xml.sha256
2026-08-01 17:15:35,560 - aqt.main - INFO - installer 47860 aqtinstall(aqt) v3.3.0 on Python 3.13.13 [CPython MSC v.1944 64 bit (AMD64)]
2026-08-01 17:15:35,561 - aqt.helper - DEBUG - helper 47860 Attempt to download checksum at https://download.qt.io/online/qtsdkrepository/windows_x86/desktop/qt6_6103/qt6_6103/Updates.xml.sha256
2026-08-01 17:15:38,122 - aqt.helper - DEBUG - helper 47860 Attempt to download checksum at https://download.qt.io/online/qtsdkrepository/windows_x86/extensions/qtwebengine/6103/msvc2022_64/Updates.xml.sha256
2026-08-01 17:15:40,401 - aqt.archives - INFO - archives 47860 Found extension qtwebengine
2026-08-01 17:15:40,402 - aqt.helper - DEBUG - helper 47860 Attempt to download checksum at https://download.qt.io/online/qtsdkrepository/windows_x86/extensions/qtpdf/6103/msvc2022_64/Updates.xml.sha256
2026-08-01 17:15:42,662 - aqt.archives - INFO - archives 47860 Found extension qtpdf
2026-08-01 17:15:43,720 - aqt.helper - DEBUG - helper 49244 Attempt to download checksum at https://download.qt.io/online/qtsdkrepository/windows_x86/desktop/qt6_6103/qt6_6103/qt.qt6.6103.win64_msvc2022_64/6.10.3-0-202603310407qtbase-Windows-Windows_11_24H2-MSVC2022-Windows-Windows_11_24H2-X86_64.7z.sha256
2026-08-01 17:15:43,741 - aqt.helper - DEBUG - helper 64516 Attempt to download checksum at https://download.qt.io/online/qtsdkrepository/windows_x86/desktop/qt6_6103/qt6_6103/qt.qt6.6103.win64_msvc2022_64/6.10.3-0-202603310407qtsvg-Windows-Windows_11_24H2-MSVC2022-Windows-Windows_11_24H2-X86_64.7z.sha256
2026-08-01 17:15:43,747 - aqt.helper - DEBUG - helper 64600 Attempt to download checksum at https://download.qt.io/online/qtsdkrepository/windows_x86/desktop/qt6_6103/qt6_6103/qt.qt6.6103.win64_msvc2022_64/6.10.3-0-202603310407qtdeclarative-Windows-Windows_11_24H2-MSVC2022-Windows-Windows_11_24H2-X86_64.7z.sha256
2026-08-01 17:15:43,749 - aqt.helper - DEBUG - helper 48604 Attempt to download checksum at https://download.qt.io/online/qtsdkrepository/windows_x86/desktop/qt6_6103/qt6_6103/qt.qt6.6103.win64_msvc2022_64/6.10.3-0-202603310407qttools-Windows-Windows_11_24H2-MSVC2022-Windows-Windows_11_24H2-X86_64.7z.sha256
2026-08-01 17:15:44,834 - aqt.helper - INFO - helper 49244 Downloading qtbase...
2026-08-01 17:15:44,834 - aqt.installer - DEBUG - installer 49244 Download URL: https://download.qt.io/online/qtsdkrepository/windows_x86/desktop/qt6_6103/qt6_6103/qt.qt6.6103.win64_msvc2022_64/6.10.3-0-202603310407qtbase-Windows-Windows_11_24H2-MSVC2022-Windows-Windows_11_24H2-X86_64.7z
2026-08-01 17:15:44,872 - aqt.helper - INFO - helper 64600 Downloading qtdeclarative...
2026-08-01 17:15:44,872 - aqt.installer - DEBUG - installer 64600 Download URL: https://download.qt.io/online/qtsdkrepository/windows_x86/desktop/qt6_6103/qt6_6103/qt.qt6.6103.win64_msvc2022_64/6.10.3-0-202603310407qtdeclarative-Windows-Windows_11_24H2-MSVC2022-Windows-Windows_11_24H2-X86_64.7z
2026-08-01 17:15:44,905 - aqt.helper - INFO - helper 64516 Downloading qtsvg...
2026-08-01 17:15:44,906 - aqt.installer - DEBUG - installer 64516 Download URL: https://download.qt.io/online/qtsdkrepository/windows_x86/desktop/qt6_6103/qt6_6103/qt.qt6.6103.win64_msvc2022_64/6.10.3-0-202603310407qtsvg-Windows-Windows_11_24H2-MSVC2022-Windows-Windows_11_24H2-X86_64.7z
2026-08-01 17:15:44,959 - aqt.helper - INFO - helper 48604 Downloading qttools...
2026-08-01 17:15:44,959 - aqt.installer - DEBUG - installer 48604 Download URL: https://download.qt.io/online/qtsdkrepository/windows_x86/desktop/qt6_6103/qt6_6103/qt.qt6.6103.win64_msvc2022_64/6.10.3-0-202603310407qttools-Windows-Windows_11_24H2-MSVC2022-Windows-Windows_11_24H2-X86_64.7z
2026-08-01 17:15:45,909 - aqt.helper - DEBUG - helper 49244 Asked to redirect(302) to: https://ftp.jaist.ac.jp/pub/qtproject/online/qtsdkrepository/windows_x86/desktop/qt6_6103/qt6_6103/qt.qt6.6103.win64_msvc2022_64/6.10.3-0-202603310407qtbase-Windows-Windows_11_24H2-MSVC2022-Windows-Windows_11_24H2-X86_64.7z
2026-08-01 17:15:45,909 - aqt.helper - INFO - helper 49244 Redirected: ftp.jaist.ac.jp
2026-08-01 17:15:45,955 - aqt.helper - DEBUG - helper 64600 Asked to redirect(302) to: https://ftp.jaist.ac.jp/pub/qtproject/online/qtsdkrepository/windows_x86/desktop/qt6_6103/qt6_6103/qt.qt6.6103.win64_msvc2022_64/6.10.3-0-202603310407qtdeclarative-Windows-Windows_11_24H2-MSVC2022-Windows-Windows_11_24H2-X86_64.7z
2026-08-01 17:15:45,955 - aqt.helper - INFO - helper 64600 Redirected: ftp.jaist.ac.jp
2026-08-01 17:15:45,972 - aqt.helper - DEBUG - helper 64516 Asked to redirect(302) to: https://ftp.jaist.ac.jp/pub/qtproject/online/qtsdkrepository/windows_x86/desktop/qt6_6103/qt6_6103/qt.qt6.6103.win64_msvc2022_64/6.10.3-0-202603310407qtsvg-Windows-Windows_11_24H2-MSVC2022-Windows-Windows_11_24H2-X86_64.7z
2026-08-01 17:15:45,972 - aqt.helper - INFO - helper 64516 Redirected: ftp.jaist.ac.jp
2026-08-01 17:15:46,136 - aqt.helper - DEBUG - helper 48604 Asked to redirect(302) to: https://ftp.jaist.ac.jp/pub/qtproject/online/qtsdkrepository/windows_x86/desktop/qt6_6103/qt6_6103/qt.qt6.6103.win64_msvc2022_64/6.10.3-0-202603310407qttools-Windows-Windows_11_24H2-MSVC2022-Windows-Windows_11_24H2-X86_64.7z
2026-08-01 17:15:46,136 - aqt.helper - INFO - helper 48604 Redirected: ftp.jaist.ac.jp
2026-08-01 17:15:57,383 - aqt.installer - INFO - installer 64516 Finished installation of qtsvg-Windows-Windows_11_24H2-MSVC2022-Windows-Windows_11_24H2-X86_64.7z in 13.64505860
2026-08-01 17:15:57,394 - aqt.helper - DEBUG - helper 64516 Attempt to download checksum at https://download.qt.io/online/qtsdkrepository/windows_x86/desktop/qt6_6103/qt6_6103/qt.qt6.6103.win64_msvc2022_64/6.10.3-0-202603310407qttranslations-Windows-Windows_11_24H2-MSVC2022-Windows-Windows_11_24H2-X86_64.7z.sha256
2026-08-01 17:15:58,573 - aqt.helper - INFO - helper 64516 Downloading qttranslations...
2026-08-01 17:15:58,573 - aqt.installer - DEBUG - installer 64516 Download URL: https://download.qt.io/online/qtsdkrepository/windows_x86/desktop/qt6_6103/qt6_6103/qt.qt6.6103.win64_msvc2022_64/6.10.3-0-202603310407qttranslations-Windows-Windows_11_24H2-MSVC2022-Windows-Windows_11_24H2-X86_64.7z
2026-08-01 17:15:59,826 - aqt.helper - DEBUG - helper 64516 Asked to redirect(302) to: https://ftp.jaist.ac.jp/pub/qtproject/online/qtsdkrepository/windows_x86/desktop/qt6_6103/qt6_6103/qt.qt6.6103.win64_msvc2022_64/6.10.3-0-202603310407qttranslations-Windows-Windows_11_24H2-MSVC2022-Windows-Windows_11_24H2-X86_64.7z
2026-08-01 17:15:59,826 - aqt.helper - INFO - helper 64516 Redirected: ftp.jaist.ac.jp
2026-08-01 17:16:00,739 - aqt.installer - INFO - installer 64516 Finished installation of qttranslations-Windows-Windows_11_24H2-MSVC2022-Windows-Windows_11_24H2-X86_64.7z in 3.34756350
2026-08-01 17:16:00,752 - aqt.helper - DEBUG - helper 64516 Attempt to download checksum at https://download.qt.io/online/qtsdkrepository/windows_x86/desktop/qt6_6103/qt6_6103/qt.qt6.6103.win64_msvc2022_64/6.10.3-0-202603310407d3dcompiler_47-x64.7z.sha256
2026-08-01 17:16:01,823 - aqt.helper - INFO - helper 64516 Downloading d3dcompiler_47...
2026-08-01 17:16:01,823 - aqt.installer - DEBUG - installer 64516 Download URL: https://download.qt.io/online/qtsdkrepository/windows_x86/desktop/qt6_6103/qt6_6103/qt.qt6.6103.win64_msvc2022_64/6.10.3-0-202603310407d3dcompiler_47-x64.7z
2026-08-01 17:16:02,605 - aqt.installer - INFO - installer 48604 Finished installation of qttools-Windows-Windows_11_24H2-MSVC2022-Windows-Windows_11_24H2-X86_64.7z in 18.85876170
2026-08-01 17:16:02,618 - aqt.helper - DEBUG - helper 48604 Attempt to download checksum at https://download.qt.io/online/qtsdkrepository/windows_x86/desktop/qt6_6103/qt6_6103/qt.qt6.6103.win64_msvc2022_64/6.10.3-0-202603310407opengl32sw-64-mesa_11_2_2-signed_sha256.7z.sha256
2026-08-01 17:16:02,993 - aqt.helper - DEBUG - helper 64516 Asked to redirect(302) to: https://ftp.jaist.ac.jp/pub/qtproject/online/qtsdkrepository/windows_x86/desktop/qt6_6103/qt6_6103/qt.qt6.6103.win64_msvc2022_64/6.10.3-0-202603310407d3dcompiler_47-x64.7z
2026-08-01 17:16:02,993 - aqt.helper - INFO - helper 64516 Redirected: ftp.jaist.ac.jp
2026-08-01 17:16:03,301 - aqt.installer - INFO - installer 64516 Finished installation of d3dcompiler_47-x64.7z in 2.55246860
2026-08-01 17:16:03,723 - aqt.helper - INFO - helper 48604 Downloading opengl32sw...
2026-08-01 17:16:03,723 - aqt.installer - DEBUG - installer 48604 Download URL: https://download.qt.io/online/qtsdkrepository/windows_x86/desktop/qt6_6103/qt6_6103/qt.qt6.6103.win64_msvc2022_64/6.10.3-0-202603310407opengl32sw-64-mesa_11_2_2-signed_sha256.7z
2026-08-01 17:16:04,896 - aqt.helper - DEBUG - helper 48604 Asked to redirect(302) to: https://ftp.jaist.ac.jp/pub/qtproject/online/qtsdkrepository/windows_x86/desktop/qt6_6103/qt6_6103/qt.qt6.6103.win64_msvc2022_64/6.10.3-0-202603310407opengl32sw-64-mesa_11_2_2-signed_sha256.7z
2026-08-01 17:16:04,896 - aqt.helper - INFO - helper 48604 Redirected: ftp.jaist.ac.jp
2026-08-01 17:16:05,489 - aqt.installer - INFO - installer 48604 Finished installation of opengl32sw-64-mesa_11_2_2-signed_sha256.7z in 2.87431840
2026-08-01 17:16:13,318 - aqt.installer - INFO - installer 49244 Finished installation of qtbase-Windows-Windows_11_24H2-MSVC2022-Windows-Windows_11_24H2-X86_64.7z in 29.60135170
2026-08-01 17:16:28,946 - aqt.installer - INFO - installer 64600 Finished installation of qtdeclarative-Windows-Windows_11_24H2-MSVC2022-Windows-Windows_11_24H2-X86_64.7z in 45.20154750
2026-08-01 17:16:29,109 - aqt.updater - INFO - updater 47860 Patching C:\Users\enjoy\Qt\6.10.3\msvc2022_64\bin\qmake.exe
2026-08-01 17:16:29,113 - aqt.updater - INFO - updater 47860 Patching C:\Users\enjoy\Qt\6.10.3\msvc2022_64\lib\Qt6Concurrent.prl
2026-08-01 17:16:29,122 - aqt.updater - INFO - updater 47860 Patching C:\Users\enjoy\Qt\6.10.3\msvc2022_64\lib\Qt6Concurrentd.prl
2026-08-01 17:16:29,129 - aqt.updater - INFO - updater 47860 Patching C:\Users\enjoy\Qt\6.10.3\msvc2022_64\lib\Qt6Core.prl
2026-08-01 17:16:29,136 - aqt.updater - INFO - updater 47860 Patching C:\Users\enjoy\Qt\6.10.3\msvc2022_64\lib\Qt6Cored.prl
2026-08-01 17:16:29,143 - aqt.updater - INFO - updater 47860 Patching C:\Users\enjoy\Qt\6.10.3\msvc2022_64\lib\Qt6DBus.prl
2026-08-01 17:16:29,150 - aqt.updater - INFO - updater 47860 Patching C:\Users\enjoy\Qt\6.10.3\msvc2022_64\lib\Qt6DBusd.prl
2026-08-01 17:16:29,158 - aqt.updater - INFO - updater 47860 Patching C:\Users\enjoy\Qt\6.10.3\msvc2022_64\lib\Qt6Designer.prl
2026-08-01 17:16:29,165 - aqt.updater - INFO - updater 47860 Patching C:\Users\enjoy\Qt\6.10.3\msvc2022_64\lib\Qt6DesignerComponents.prl
2026-08-01 17:16:29,172 - aqt.updater - INFO - updater 47860 Patching C:\Users\enjoy\Qt\6.10.3\msvc2022_64\lib\Qt6DesignerComponentsd.prl
2026-08-01 17:16:29,179 - aqt.updater - INFO - updater 47860 Patching C:\Users\enjoy\Qt\6.10.3\msvc2022_64\lib\Qt6Designerd.prl
2026-08-01 17:16:29,187 - aqt.updater - INFO - updater 47860 Patching C:\Users\enjoy\Qt\6.10.3\msvc2022_64\lib\Qt6DeviceDiscoverySupport.prl
2026-08-01 17:16:29,194 - aqt.updater - INFO - updater 47860 Patching C:\Users\enjoy\Qt\6.10.3\msvc2022_64\lib\Qt6DeviceDiscoverySupportd.prl
2026-08-01 17:16:29,202 - aqt.updater - INFO - updater 47860 Patching C:\Users\enjoy\Qt\6.10.3\msvc2022_64\lib\Qt6EntryPoint.prl
2026-08-01 17:16:29,210 - aqt.updater - INFO - updater 47860 Patching C:\Users\enjoy\Qt\6.10.3\msvc2022_64\lib\Qt6EntryPointd.prl
2026-08-01 17:16:29,218 - aqt.updater - INFO - updater 47860 Patching C:\Users\enjoy\Qt\6.10.3\msvc2022_64\lib\Qt6ExampleIcons.prl
2026-08-01 17:16:29,226 - aqt.updater - INFO - updater 47860 Patching C:\Users\enjoy\Qt\6.10.3\msvc2022_64\lib\Qt6ExampleIconsd.prl
2026-08-01 17:16:29,233 - aqt.updater - INFO - updater 47860 Patching C:\Users\enjoy\Qt\6.10.3\msvc2022_64\lib\Qt6ExamplesAssetDownloader.prl
2026-08-01 17:16:29,241 - aqt.updater - INFO - updater 47860 Patching C:\Users\enjoy\Qt\6.10.3\msvc2022_64\lib\Qt6ExamplesAssetDownloaderd.prl
2026-08-01 17:16:29,250 - aqt.updater - INFO - updater 47860 Patching C:\Users\enjoy\Qt\6.10.3\msvc2022_64\lib\Qt6FbSupport.prl
2026-08-01 17:16:29,267 - aqt.updater - INFO - updater 47860 Patching C:\Users\enjoy\Qt\6.10.3\msvc2022_64\lib\Qt6FbSupportd.prl
2026-08-01 17:16:29,283 - aqt.updater - INFO - updater 47860 Patching C:\Users\enjoy\Qt\6.10.3\msvc2022_64\lib\Qt6Gui.prl
2026-08-01 17:16:29,291 - aqt.updater - INFO - updater 47860 Patching C:\Users\enjoy\Qt\6.10.3\msvc2022_64\lib\Qt6Guid.prl
2026-08-01 17:16:29,298 - aqt.updater - INFO - updater 47860 Patching C:\Users\enjoy\Qt\6.10.3\msvc2022_64\lib\Qt6Help.prl
2026-08-01 17:16:29,304 - aqt.updater - INFO - updater 47860 Patching C:\Users\enjoy\Qt\6.10.3\msvc2022_64\lib\Qt6Helpd.prl
2026-08-01 17:16:29,312 - aqt.updater - INFO - updater 47860 Patching C:\Users\enjoy\Qt\6.10.3\msvc2022_64\lib\Qt6LabsAnimation.prl
2026-08-01 17:16:29,320 - aqt.updater - INFO - updater 47860 Patching C:\Users\enjoy\Qt\6.10.3\msvc2022_64\lib\Qt6LabsAnimationd.prl
2026-08-01 17:16:29,328 - aqt.updater - INFO - updater 47860 Patching C:\Users\enjoy\Qt\6.10.3\msvc2022_64\lib\Qt6LabsFolderListModel.prl
2026-08-01 17:16:29,334 - aqt.updater - INFO - updater 47860 Patching C:\Users\enjoy\Qt\6.10.3\msvc2022_64\lib\Qt6LabsFolderListModeld.prl
2026-08-01 17:16:29,342 - aqt.updater - INFO - updater 47860 Patching C:\Users\enjoy\Qt\6.10.3\msvc2022_64\lib\Qt6LabsPlatform.prl
2026-08-01 17:16:29,350 - aqt.updater - INFO - updater 47860 Patching C:\Users\enjoy\Qt\6.10.3\msvc2022_64\lib\Qt6LabsPlatformd.prl
2026-08-01 17:16:29,357 - aqt.updater - INFO - updater 47860 Patching C:\Users\enjoy\Qt\6.10.3\msvc2022_64\lib\Qt6LabsQmlModels.prl
2026-08-01 17:16:29,364 - aqt.updater - INFO - updater 47860 Patching C:\Users\enjoy\Qt\6.10.3\msvc2022_64\lib\Qt6LabsQmlModelsd.prl
2026-08-01 17:16:29,371 - aqt.updater - INFO - updater 47860 Patching C:\Users\enjoy\Qt\6.10.3\msvc2022_64\lib\Qt6LabsSettings.prl
2026-08-01 17:16:29,379 - aqt.updater - INFO - updater 47860 Patching C:\Users\enjoy\Qt\6.10.3\msvc2022_64\lib\Qt6LabsSettingsd.prl
2026-08-01 17:16:29,386 - aqt.updater - INFO - updater 47860 Patching C:\Users\enjoy\Qt\6.10.3\msvc2022_64\lib\Qt6LabsSharedImage.prl
2026-08-01 17:16:29,393 - aqt.updater - INFO - updater 47860 Patching C:\Users\enjoy\Qt\6.10.3\msvc2022_64\lib\Qt6LabsSharedImaged.prl
2026-08-01 17:16:29,400 - aqt.updater - INFO - updater 47860 Patching C:\Users\enjoy\Qt\6.10.3\msvc2022_64\lib\Qt6LabsSynchronizer.prl
2026-08-01 17:16:29,407 - aqt.updater - INFO - updater 47860 Patching C:\Users\enjoy\Qt\6.10.3\msvc2022_64\lib\Qt6LabsSynchronizerd.prl
2026-08-01 17:16:29,415 - aqt.updater - INFO - updater 47860 Patching C:\Users\enjoy\Qt\6.10.3\msvc2022_64\lib\Qt6LabsWavefrontMesh.prl
2026-08-01 17:16:29,422 - aqt.updater - INFO - updater 47860 Patching C:\Users\enjoy\Qt\6.10.3\msvc2022_64\lib\Qt6LabsWavefrontMeshd.prl
2026-08-01 17:16:29,429 - aqt.updater - INFO - updater 47860 Patching C:\Users\enjoy\Qt\6.10.3\msvc2022_64\lib\Qt6Network.prl
2026-08-01 17:16:29,436 - aqt.updater - INFO - updater 47860 Patching C:\Users\enjoy\Qt\6.10.3\msvc2022_64\lib\Qt6Networkd.prl
2026-08-01 17:16:29,444 - aqt.updater - INFO - updater 47860 Patching C:\Users\enjoy\Qt\6.10.3\msvc2022_64\lib\Qt6OpenGL.prl
2026-08-01 17:16:29,451 - aqt.updater - INFO - updater 47860 Patching C:\Users\enjoy\Qt\6.10.3\msvc2022_64\lib\Qt6OpenGLd.prl
2026-08-01 17:16:29,458 - aqt.updater - INFO - updater 47860 Patching C:\Users\enjoy\Qt\6.10.3\msvc2022_64\lib\Qt6OpenGLWidgets.prl
2026-08-01 17:16:29,465 - aqt.updater - INFO - updater 47860 Patching C:\Users\enjoy\Qt\6.10.3\msvc2022_64\lib\Qt6OpenGLWidgetsd.prl
2026-08-01 17:16:29,472 - aqt.updater - INFO - updater 47860 Patching C:\Users\enjoy\Qt\6.10.3\msvc2022_64\lib\Qt6PacketProtocol.prl
2026-08-01 17:16:29,480 - aqt.updater - INFO - updater 47860 Patching C:\Users\enjoy\Qt\6.10.3\msvc2022_64\lib\Qt6PacketProtocold.prl
2026-08-01 17:16:29,487 - aqt.updater - INFO - updater 47860 Patching C:\Users\enjoy\Qt\6.10.3\msvc2022_64\lib\Qt6PrintSupport.prl
2026-08-01 17:16:29,494 - aqt.updater - INFO - updater 47860 Patching C:\Users\enjoy\Qt\6.10.3\msvc2022_64\lib\Qt6PrintSupportd.prl
2026-08-01 17:16:29,501 - aqt.updater - INFO - updater 47860 Patching C:\Users\enjoy\Qt\6.10.3\msvc2022_64\lib\Qt6Qml.prl
2026-08-01 17:16:29,508 - aqt.updater - INFO - updater 47860 Patching C:\Users\enjoy\Qt\6.10.3\msvc2022_64\lib\Qt6QmlAssetDownloader.prl
2026-08-01 17:16:29,516 - aqt.updater - INFO - updater 47860 Patching C:\Users\enjoy\Qt\6.10.3\msvc2022_64\lib\Qt6QmlAssetDownloaderd.prl
2026-08-01 17:16:29,523 - aqt.updater - INFO - updater 47860 Patching C:\Users\enjoy\Qt\6.10.3\msvc2022_64\lib\Qt6QmlCompiler.prl
2026-08-01 17:16:29,530 - aqt.updater - INFO - updater 47860 Patching C:\Users\enjoy\Qt\6.10.3\msvc2022_64\lib\Qt6QmlCompilerd.prl
2026-08-01 17:16:29,537 - aqt.updater - INFO - updater 47860 Patching C:\Users\enjoy\Qt\6.10.3\msvc2022_64\lib\Qt6QmlCore.prl
2026-08-01 17:16:29,545 - aqt.updater - INFO - updater 47860 Patching C:\Users\enjoy\Qt\6.10.3\msvc2022_64\lib\Qt6QmlCored.prl
2026-08-01 17:16:29,553 - aqt.updater - INFO - updater 47860 Patching C:\Users\enjoy\Qt\6.10.3\msvc2022_64\lib\Qt6Qmld.prl
2026-08-01 17:16:29,560 - aqt.updater - INFO - updater 47860 Patching C:\Users\enjoy\Qt\6.10.3\msvc2022_64\lib\Qt6QmlDebug.prl
2026-08-01 17:16:29,568 - aqt.updater - INFO - updater 47860 Patching C:\Users\enjoy\Qt\6.10.3\msvc2022_64\lib\Qt6QmlDebugd.prl
2026-08-01 17:16:29,577 - aqt.updater - INFO - updater 47860 Patching C:\Users\enjoy\Qt\6.10.3\msvc2022_64\lib\Qt6QmlDom.prl
2026-08-01 17:16:29,584 - aqt.updater - INFO - updater 47860 Patching C:\Users\enjoy\Qt\6.10.3\msvc2022_64\lib\Qt6QmlDomd.prl
2026-08-01 17:16:29,591 - aqt.updater - INFO - updater 47860 Patching C:\Users\enjoy\Qt\6.10.3\msvc2022_64\lib\Qt6QmlFormat.prl
2026-08-01 17:16:29,598 - aqt.updater - INFO - updater 47860 Patching C:\Users\enjoy\Qt\6.10.3\msvc2022_64\lib\Qt6QmlFormatd.prl
2026-08-01 17:16:29,606 - aqt.updater - INFO - updater 47860 Patching C:\Users\enjoy\Qt\6.10.3\msvc2022_64\lib\Qt6QmlLocalStorage.prl
2026-08-01 17:16:29,613 - aqt.updater - INFO - updater 47860 Patching C:\Users\enjoy\Qt\6.10.3\msvc2022_64\lib\Qt6QmlLocalStoraged.prl
2026-08-01 17:16:29,620 - aqt.updater - INFO - updater 47860 Patching C:\Users\enjoy\Qt\6.10.3\msvc2022_64\lib\Qt6QmlLS.prl
2026-08-01 17:16:29,628 - aqt.updater - INFO - updater 47860 Patching C:\Users\enjoy\Qt\6.10.3\msvc2022_64\lib\Qt6QmlLSd.prl
2026-08-01 17:16:29,635 - aqt.updater - INFO - updater 47860 Patching C:\Users\enjoy\Qt\6.10.3\msvc2022_64\lib\Qt6QmlMeta.prl
2026-08-01 17:16:29,643 - aqt.updater - INFO - updater 47860 Patching C:\Users\enjoy\Qt\6.10.3\msvc2022_64\lib\Qt6QmlMetad.prl
2026-08-01 17:16:29,650 - aqt.updater - INFO - updater 47860 Patching C:\Users\enjoy\Qt\6.10.3\msvc2022_64\lib\Qt6QmlModels.prl
2026-08-01 17:16:29,657 - aqt.updater - INFO - updater 47860 Patching C:\Users\enjoy\Qt\6.10.3\msvc2022_64\lib\Qt6QmlModelsd.prl
2026-08-01 17:16:29,664 - aqt.updater - INFO - updater 47860 Patching C:\Users\enjoy\Qt\6.10.3\msvc2022_64\lib\Qt6QmlNetwork.prl
2026-08-01 17:16:29,672 - aqt.updater - INFO - updater 47860 Patching C:\Users\enjoy\Qt\6.10.3\msvc2022_64\lib\Qt6QmlNetworkd.prl
2026-08-01 17:16:29,679 - aqt.updater - INFO - updater 47860 Patching C:\Users\enjoy\Qt\6.10.3\msvc2022_64\lib\Qt6QmlToolingSettings.prl
2026-08-01 17:16:29,687 - aqt.updater - INFO - updater 47860 Patching C:\Users\enjoy\Qt\6.10.3\msvc2022_64\lib\Qt6QmlToolingSettingsd.prl
2026-08-01 17:16:29,694 - aqt.updater - INFO - updater 47860 Patching C:\Users\enjoy\Qt\6.10.3\msvc2022_64\lib\Qt6QmlTypeRegistrar.prl
2026-08-01 17:16:29,702 - aqt.updater - INFO - updater 47860 Patching C:\Users\enjoy\Qt\6.10.3\msvc2022_64\lib\Qt6QmlTypeRegistrard.prl
2026-08-01 17:16:29,710 - aqt.updater - INFO - updater 47860 Patching C:\Users\enjoy\Qt\6.10.3\msvc2022_64\lib\Qt6QmlWorkerScript.prl
2026-08-01 17:16:29,717 - aqt.updater - INFO - updater 47860 Patching C:\Users\enjoy\Qt\6.10.3\msvc2022_64\lib\Qt6QmlWorkerScriptd.prl
2026-08-01 17:16:29,725 - aqt.updater - INFO - updater 47860 Patching C:\Users\enjoy\Qt\6.10.3\msvc2022_64\lib\Qt6QmlXmlListModel.prl
2026-08-01 17:16:29,732 - aqt.updater - INFO - updater 47860 Patching C:\Users\enjoy\Qt\6.10.3\msvc2022_64\lib\Qt6QmlXmlListModeld.prl
2026-08-01 17:16:29,740 - aqt.updater - INFO - updater 47860 Patching C:\Users\enjoy\Qt\6.10.3\msvc2022_64\lib\Qt6Quick.prl
2026-08-01 17:16:29,747 - aqt.updater - INFO - updater 47860 Patching C:\Users\enjoy\Qt\6.10.3\msvc2022_64\lib\Qt6QuickControls2.prl
2026-08-01 17:16:29,753 - aqt.updater - INFO - updater 47860 Patching C:\Users\enjoy\Qt\6.10.3\msvc2022_64\lib\Qt6QuickControls2Basic.prl
2026-08-01 17:16:29,760 - aqt.updater - INFO - updater 47860 Patching C:\Users\enjoy\Qt\6.10.3\msvc2022_64\lib\Qt6QuickControls2Basicd.prl
2026-08-01 17:16:29,768 - aqt.updater - INFO - updater 47860 Patching C:\Users\enjoy\Qt\6.10.3\msvc2022_64\lib\Qt6QuickControls2BasicStyleImpl.prl
2026-08-01 17:16:29,775 - aqt.updater - INFO - updater 47860 Patching C:\Users\enjoy\Qt\6.10.3\msvc2022_64\lib\Qt6QuickControls2BasicStyleImpld.prl
2026-08-01 17:16:29,782 - aqt.updater - INFO - updater 47860 Patching C:\Users\enjoy\Qt\6.10.3\msvc2022_64\lib\Qt6QuickControls2d.prl
2026-08-01 17:16:29,789 - aqt.updater - INFO - updater 47860 Patching C:\Users\enjoy\Qt\6.10.3\msvc2022_64\lib\Qt6QuickControls2FluentWinUI3StyleImpl.prl
2026-08-01 17:16:29,797 - aqt.updater - INFO - updater 47860 Patching C:\Users\enjoy\Qt\6.10.3\msvc2022_64\lib\Qt6QuickControls2FluentWinUI3StyleImpld.prl
2026-08-01 17:16:29,804 - aqt.updater - INFO - updater 47860 Patching C:\Users\enjoy\Qt\6.10.3\msvc2022_64\lib\Qt6QuickControls2Fusion.prl
2026-08-01 17:16:29,812 - aqt.updater - INFO - updater 47860 Patching C:\Users\enjoy\Qt\6.10.3\msvc2022_64\lib\Qt6QuickControls2Fusiond.prl
2026-08-01 17:16:29,818 - aqt.updater - INFO - updater 47860 Patching C:\Users\enjoy\Qt\6.10.3\msvc2022_64\lib\Qt6QuickControls2FusionStyleImpl.prl
2026-08-01 17:16:29,826 - aqt.updater - INFO - updater 47860 Patching C:\Users\enjoy\Qt\6.10.3\msvc2022_64\lib\Qt6QuickControls2FusionStyleImpld.prl
2026-08-01 17:16:29,833 - aqt.updater - INFO - updater 47860 Patching C:\Users\enjoy\Qt\6.10.3\msvc2022_64\lib\Qt6QuickControls2Imagine.prl
2026-08-01 17:16:29,841 - aqt.updater - INFO - updater 47860 Patching C:\Users\enjoy\Qt\6.10.3\msvc2022_64\lib\Qt6QuickControls2Imagined.prl
2026-08-01 17:16:29,848 - aqt.updater - INFO - updater 47860 Patching C:\Users\enjoy\Qt\6.10.3\msvc2022_64\lib\Qt6QuickControls2ImagineStyleImpl.prl
2026-08-01 17:16:29,856 - aqt.updater - INFO - updater 47860 Patching C:\Users\enjoy\Qt\6.10.3\msvc2022_64\lib\Qt6QuickControls2ImagineStyleImpld.prl
2026-08-01 17:16:29,864 - aqt.updater - INFO - updater 47860 Patching C:\Users\enjoy\Qt\6.10.3\msvc2022_64\lib\Qt6QuickControls2Impl.prl
2026-08-01 17:16:29,872 - aqt.updater - INFO - updater 47860 Patching C:\Users\enjoy\Qt\6.10.3\msvc2022_64\lib\Qt6QuickControls2Impld.prl
2026-08-01 17:16:29,879 - aqt.updater - INFO - updater 47860 Patching C:\Users\enjoy\Qt\6.10.3\msvc2022_64\lib\Qt6QuickControls2Material.prl
2026-08-01 17:16:29,885 - aqt.updater - INFO - updater 47860 Patching C:\Users\enjoy\Qt\6.10.3\msvc2022_64\lib\Qt6QuickControls2Materiald.prl
2026-08-01 17:16:29,893 - aqt.updater - INFO - updater 47860 Patching C:\Users\enjoy\Qt\6.10.3\msvc2022_64\lib\Qt6QuickControls2MaterialStyleImpl.prl
2026-08-01 17:16:29,901 - aqt.updater - INFO - updater 47860 Patching C:\Users\enjoy\Qt\6.10.3\msvc2022_64\lib\Qt6QuickControls2MaterialStyleImpld.prl
2026-08-01 17:16:29,908 - aqt.updater - INFO - updater 47860 Patching C:\Users\enjoy\Qt\6.10.3\msvc2022_64\lib\Qt6QuickControls2Universal.prl
2026-08-01 17:16:29,915 - aqt.updater - INFO - updater 47860 Patching C:\Users\enjoy\Qt\6.10.3\msvc2022_64\lib\Qt6QuickControls2Universald.prl
2026-08-01 17:16:29,922 - aqt.updater - INFO - updater 47860 Patching C:\Users\enjoy\Qt\6.10.3\msvc2022_64\lib\Qt6QuickControls2UniversalStyleImpl.prl
2026-08-01 17:16:29,930 - aqt.updater - INFO - updater 47860 Patching C:\Users\enjoy\Qt\6.10.3\msvc2022_64\lib\Qt6QuickControls2UniversalStyleImpld.prl
2026-08-01 17:16:29,937 - aqt.updater - INFO - updater 47860 Patching C:\Users\enjoy\Qt\6.10.3\msvc2022_64\lib\Qt6QuickControls2WindowsStyleImpl.prl
2026-08-01 17:16:29,944 - aqt.updater - INFO - updater 47860 Patching C:\Users\enjoy\Qt\6.10.3\msvc2022_64\lib\Qt6QuickControls2WindowsStyleImpld.prl
2026-08-01 17:16:29,950 - aqt.updater - INFO - updater 47860 Patching C:\Users\enjoy\Qt\6.10.3\msvc2022_64\lib\Qt6QuickControlsTestUtils.prl
2026-08-01 17:16:29,959 - aqt.updater - INFO - updater 47860 Patching C:\Users\enjoy\Qt\6.10.3\msvc2022_64\lib\Qt6QuickControlsTestUtilsd.prl
2026-08-01 17:16:29,967 - aqt.updater - INFO - updater 47860 Patching C:\Users\enjoy\Qt\6.10.3\msvc2022_64\lib\Qt6Quickd.prl
2026-08-01 17:16:29,974 - aqt.updater - INFO - updater 47860 Patching C:\Users\enjoy\Qt\6.10.3\msvc2022_64\lib\Qt6QuickDialogs2.prl
2026-08-01 17:16:29,981 - aqt.updater - INFO - updater 47860 Patching C:\Users\enjoy\Qt\6.10.3\msvc2022_64\lib\Qt6QuickDialogs2d.prl
2026-08-01 17:16:29,988 - aqt.updater - INFO - updater 47860 Patching C:\Users\enjoy\Qt\6.10.3\msvc2022_64\lib\Qt6QuickDialogs2QuickImpl.prl
2026-08-01 17:16:29,996 - aqt.updater - INFO - updater 47860 Patching C:\Users\enjoy\Qt\6.10.3\msvc2022_64\lib\Qt6QuickDialogs2QuickImpld.prl
2026-08-01 17:16:30,003 - aqt.updater - INFO - updater 47860 Patching C:\Users\enjoy\Qt\6.10.3\msvc2022_64\lib\Qt6QuickDialogs2Utils.prl
2026-08-01 17:16:30,011 - aqt.updater - INFO - updater 47860 Patching C:\Users\enjoy\Qt\6.10.3\msvc2022_64\lib\Qt6QuickDialogs2Utilsd.prl
2026-08-01 17:16:30,018 - aqt.updater - INFO - updater 47860 Patching C:\Users\enjoy\Qt\6.10.3\msvc2022_64\lib\Qt6QuickEffects.prl
2026-08-01 17:16:30,026 - aqt.updater - INFO - updater 47860 Patching C:\Users\enjoy\Qt\6.10.3\msvc2022_64\lib\Qt6QuickEffectsd.prl
2026-08-01 17:16:30,034 - aqt.updater - INFO - updater 47860 Patching C:\Users\enjoy\Qt\6.10.3\msvc2022_64\lib\Qt6QuickLayouts.prl
2026-08-01 17:16:30,042 - aqt.updater - INFO - updater 47860 Patching C:\Users\enjoy\Qt\6.10.3\msvc2022_64\lib\Qt6QuickLayoutsd.prl
2026-08-01 17:16:30,049 - aqt.updater - INFO - updater 47860 Patching C:\Users\enjoy\Qt\6.10.3\msvc2022_64\lib\Qt6QuickParticles.prl
2026-08-01 17:16:30,057 - aqt.updater - INFO - updater 47860 Patching C:\Users\enjoy\Qt\6.10.3\msvc2022_64\lib\Qt6QuickParticlesd.prl
2026-08-01 17:16:30,064 - aqt.updater - INFO - updater 47860 Patching C:\Users\enjoy\Qt\6.10.3\msvc2022_64\lib\Qt6QuickShapes.prl
2026-08-01 17:16:30,072 - aqt.updater - INFO - updater 47860 Patching C:\Users\enjoy\Qt\6.10.3\msvc2022_64\lib\Qt6QuickShapesd.prl
2026-08-01 17:16:30,079 - aqt.updater - INFO - updater 47860 Patching C:\Users\enjoy\Qt\6.10.3\msvc2022_64\lib\Qt6QuickShapesDesignHelpers.prl
2026-08-01 17:16:30,086 - aqt.updater - INFO - updater 47860 Patching C:\Users\enjoy\Qt\6.10.3\msvc2022_64\lib\Qt6QuickShapesDesignHelpersd.prl
2026-08-01 17:16:30,094 - aqt.updater - INFO - updater 47860 Patching C:\Users\enjoy\Qt\6.10.3\msvc2022_64\lib\Qt6QuickTemplates2.prl
2026-08-01 17:16:30,102 - aqt.updater - INFO - updater 47860 Patching C:\Users\enjoy\Qt\6.10.3\msvc2022_64\lib\Qt6QuickTemplates2d.prl
2026-08-01 17:16:30,110 - aqt.updater - INFO - updater 47860 Patching C:\Users\enjoy\Qt\6.10.3\msvc2022_64\lib\Qt6QuickTest.prl
2026-08-01 17:16:30,117 - aqt.updater - INFO - updater 47860 Patching C:\Users\enjoy\Qt\6.10.3\msvc2022_64\lib\Qt6QuickTestd.prl
2026-08-01 17:16:30,125 - aqt.updater - INFO - updater 47860 Patching C:\Users\enjoy\Qt\6.10.3\msvc2022_64\lib\Qt6QuickTestUtils.prl
2026-08-01 17:16:30,133 - aqt.updater - INFO - updater 47860 Patching C:\Users\enjoy\Qt\6.10.3\msvc2022_64\lib\Qt6QuickTestUtilsd.prl
2026-08-01 17:16:30,141 - aqt.updater - INFO - updater 47860 Patching C:\Users\enjoy\Qt\6.10.3\msvc2022_64\lib\Qt6QuickVectorImage.prl
2026-08-01 17:16:30,148 - aqt.updater - INFO - updater 47860 Patching C:\Users\enjoy\Qt\6.10.3\msvc2022_64\lib\Qt6QuickVectorImaged.prl
2026-08-01 17:16:30,156 - aqt.updater - INFO - updater 47860 Patching C:\Users\enjoy\Qt\6.10.3\msvc2022_64\lib\Qt6QuickVectorImageGenerator.prl
2026-08-01 17:16:30,163 - aqt.updater - INFO - updater 47860 Patching C:\Users\enjoy\Qt\6.10.3\msvc2022_64\lib\Qt6QuickVectorImageGeneratord.prl
2026-08-01 17:16:30,170 - aqt.updater - INFO - updater 47860 Patching C:\Users\enjoy\Qt\6.10.3\msvc2022_64\lib\Qt6QuickVectorImageHelpers.prl
2026-08-01 17:16:30,177 - aqt.updater - INFO - updater 47860 Patching C:\Users\enjoy\Qt\6.10.3\msvc2022_64\lib\Qt6QuickVectorImageHelpersd.prl
2026-08-01 17:16:30,184 - aqt.updater - INFO - updater 47860 Patching C:\Users\enjoy\Qt\6.10.3\msvc2022_64\lib\Qt6QuickWidgets.prl
2026-08-01 17:16:30,192 - aqt.updater - INFO - updater 47860 Patching C:\Users\enjoy\Qt\6.10.3\msvc2022_64\lib\Qt6QuickWidgetsd.prl
2026-08-01 17:16:30,199 - aqt.updater - INFO - updater 47860 Patching C:\Users\enjoy\Qt\6.10.3\msvc2022_64\lib\Qt6Sql.prl
2026-08-01 17:16:30,206 - aqt.updater - INFO - updater 47860 Patching C:\Users\enjoy\Qt\6.10.3\msvc2022_64\lib\Qt6Sqld.prl
2026-08-01 17:16:30,213 - aqt.updater - INFO - updater 47860 Patching C:\Users\enjoy\Qt\6.10.3\msvc2022_64\lib\Qt6Svg.prl
2026-08-01 17:16:30,221 - aqt.updater - INFO - updater 47860 Patching C:\Users\enjoy\Qt\6.10.3\msvc2022_64\lib\Qt6Svgd.prl
2026-08-01 17:16:30,228 - aqt.updater - INFO - updater 47860 Patching C:\Users\enjoy\Qt\6.10.3\msvc2022_64\lib\Qt6SvgWidgets.prl
2026-08-01 17:16:30,235 - aqt.updater - INFO - updater 47860 Patching C:\Users\enjoy\Qt\6.10.3\msvc2022_64\lib\Qt6SvgWidgetsd.prl
2026-08-01 17:16:30,243 - aqt.updater - INFO - updater 47860 Patching C:\Users\enjoy\Qt\6.10.3\msvc2022_64\lib\Qt6Test.prl
2026-08-01 17:16:30,251 - aqt.updater - INFO - updater 47860 Patching C:\Users\enjoy\Qt\6.10.3\msvc2022_64\lib\Qt6Testd.prl
2026-08-01 17:16:30,259 - aqt.updater - INFO - updater 47860 Patching C:\Users\enjoy\Qt\6.10.3\msvc2022_64\lib\Qt6UiTools.prl
2026-08-01 17:16:30,267 - aqt.updater - INFO - updater 47860 Patching C:\Users\enjoy\Qt\6.10.3\msvc2022_64\lib\Qt6UiToolsd.prl
2026-08-01 17:16:30,274 - aqt.updater - INFO - updater 47860 Patching C:\Users\enjoy\Qt\6.10.3\msvc2022_64\lib\Qt6Widgets.prl
2026-08-01 17:16:30,282 - aqt.updater - INFO - updater 47860 Patching C:\Users\enjoy\Qt\6.10.3\msvc2022_64\lib\Qt6Widgetsd.prl
2026-08-01 17:16:30,289 - aqt.updater - INFO - updater 47860 Patching C:\Users\enjoy\Qt\6.10.3\msvc2022_64\lib\Qt6Xml.prl
2026-08-01 17:16:30,297 - aqt.updater - INFO - updater 47860 Patching C:\Users\enjoy\Qt\6.10.3\msvc2022_64\lib\Qt6Xmld.prl
2026-08-01 17:16:30,305 - aqt.main - INFO - installer 47860 Finished installation
2026-08-01 17:16:30,305 - aqt.main - INFO - installer 47860 Time elapsed: 54.74461060 second
